Release 14.4 - xst P.49d (nt64)
Copyright (c) 1995-2012 Xilinx, Inc.  All rights reserved.
--> Parameter TMPDIR set to xst/projnav.tmp


Total REAL time to Xst completion: 0.00 secs
Total CPU time to Xst completion: 0.33 secs
 
--> Parameter xsthdpdir set to xst


Total REAL time to Xst completion: 0.00 secs
Total CPU time to Xst completion: 0.33 secs
 
--> Reading design: main.prj

TABLE OF CONTENTS
  1) Synthesis Options Summary
  2) HDL Parsing
  3) HDL Elaboration
  4) HDL Synthesis
       4.1) HDL Synthesis Report
  5) Advanced HDL Synthesis
       5.1) Advanced HDL Synthesis Report
  6) Low Level Synthesis
  7) Partition Report
  8) Design Summary
       8.1) Primitive and Black Box Usage
       8.2) Device utilization summary
       8.3) Partition Resource Summary
       8.4) Timing Report
            8.4.1) Clock Information
            8.4.2) Asynchronous Control Signals Information
            8.4.3) Timing Summary
            8.4.4) Timing Details
            8.4.5) Cross Clock Domains Report


=========================================================================
*                      Synthesis Options Summary                        *
=========================================================================
---- Source Parameters
Input File Name                    : "main.prj"
Ignore Synthesis Constraint File   : NO

---- Target Parameters
Output File Name                   : "main"
Output Format                      : NGC
Target Device                      : xc6slx16-3-csg324

---- Source Options
Top Module Name                    : main
Automatic FSM Extraction           : YES
FSM Encoding Algorithm             : Auto
Safe Implementation                : No
FSM Style                          : LUT
RAM Extraction                     : Yes
RAM Style                          : Auto
ROM Extraction                     : Yes
Shift Register Extraction          : YES
ROM Style                          : Auto
Resource Sharing                   : YES
Asynchronous To Synchronous        : NO
Shift Register Minimum Size        : 2
Use DSP Block                      : Auto
Automatic Register Balancing       : No

---- Target Options
LUT Combining                      : Auto
Reduce Control Sets                : Auto
Add IO Buffers                     : YES
Global Maximum Fanout              : 100000
Add Generic Clock Buffer(BUFG)     : 16
Register Duplication               : YES
Optimize Instantiated Primitives   : NO
Use Clock Enable                   : Auto
Use Synchronous Set                : Auto
Use Synchronous Reset              : Auto
Pack IO Registers into IOBs        : Auto
Equivalent register Removal        : YES

---- General Options
Optimization Goal                  : Speed
Optimization Effort                : 1
Power Reduction                    : NO
Keep Hierarchy                     : No
Netlist Hierarchy                  : As_Optimized
RTL Output                         : Yes
Global Optimization                : AllClockNets
Read Cores                         : YES
Write Timing Constraints           : NO
Cross Clock Analysis               : NO
Hierarchy Separator                : /
Bus Delimiter                      : <>
Case Specifier                     : Maintain
Slice Utilization Ratio            : 100
BRAM Utilization Ratio             : 100
DSP48 Utilization Ratio            : 100
Auto BRAM Packing                  : NO
Slice Utilization Ratio Delta      : 5

=========================================================================


=========================================================================
*                          HDL Parsing                                  *
=========================================================================
Parsing VHDL file "C:\Users\Girmi\Xilinx\vhdl-klok\counter.vhd" into library work
Parsing entity <counter>.
Parsing architecture <Behavioral> of entity <counter>.
Parsing VHDL file "C:\Users\Girmi\Xilinx\vhdl-klok\bcd_conv.vhd" into library work
Parsing entity <bcd_conv>.
Parsing architecture <Behavioral> of entity <bcd_conv>.
Parsing VHDL file "C:\Users\Girmi\Xilinx\vhdl-klok\bcd_7seg.vhd" into library work
Parsing entity <bcd_7seg>.
Parsing architecture <Behavioral> of entity <bcd_7seg>.
Parsing VHDL file "C:\Users\Girmi\Xilinx\vhdl-klok\mod_time.vhd" into library work
Parsing entity <mod_time>.
Parsing architecture <Behavioral> of entity <mod_time>.
Parsing VHDL file "C:\Users\Girmi\Xilinx\vhdl-klok\mod_display.vhd" into library work
Parsing entity <mod_display>.
Parsing architecture <Behavioral> of entity <mod_display>.
Parsing VHDL file "C:\Users\Girmi\Xilinx\vhdl-klok\func_select.vhd" into library work
Parsing entity <func_select>.
Parsing architecture <Behavioral> of entity <func_select>.
Parsing VHDL file "C:\Users\Girmi\Xilinx\vhdl-klok\debouncer.vhd" into library work
Parsing entity <debouncer>.
Parsing architecture <Behavioral> of entity <debouncer>.
Parsing VHDL file "C:\Users\Girmi\Xilinx\vhdl-klok\clock_divider.vhd" into library work
Parsing entity <clock_divider>.
Parsing architecture <Behavioral> of entity <clock_divider>.
Parsing VHDL file "C:\Users\Girmi\Xilinx\vhdl-klok\main.vhd" into library work
Parsing entity <main>.
Parsing architecture <Behavioral> of entity <main>.

=========================================================================
*                            HDL Elaboration                            *
=========================================================================

Elaborating entity <main> (architecture <Behavioral>) from library <work>.
WARNING:HDLCompiler:1127 - "C:\Users\Girmi\Xilinx\vhdl-klok\main.vhd" Line 105: Assignment to zero ignored, since the identifier is never used

Elaborating entity <func_select> (architecture <Behavioral>) from library <work>.
INFO:HDLCompiler:679 - "C:\Users\Girmi\Xilinx\vhdl-klok\func_select.vhd" Line 190. Case statement is complete. others clause is never selected

Elaborating entity <clock_divider> (architecture <Behavioral>) with generics from library <work>.

Elaborating entity <clock_divider> (architecture <Behavioral>) with generics from library <work>.

Elaborating entity <mod_display> (architecture <Behavioral>) from library <work>.

Elaborating entity <bcd_conv> (architecture <Behavioral>) from library <work>.

Elaborating entity <bcd_7seg> (architecture <Behavioral>) from library <work>.
WARNING:HDLCompiler:92 - "C:\Users\Girmi\Xilinx\vhdl-klok\mod_display.vhd" Line 70: rst should be on the sensitivity list of the process
ERROR:HDLCompiler:311 - "C:\Users\Girmi\Xilinx\vhdl-klok\mod_display.vhd" Line 90: Choice is not constant
WARNING:HDLCompiler:1127 - "C:\Users\Girmi\Xilinx\vhdl-klok\mod_display.vhd" Line 65: Assignment to sig_anode ignored, since the identifier is never used
Netlist mod_display(Behavioral) remains a blackbox, due to errors in its contents

Elaborating entity <debouncer> (architecture <Behavioral>) from library <work>.

Elaborating entity <mod_time> (architecture <Behavioral>) from library <work>.
WARNING:HDLCompiler:1127 - "C:\Users\Girmi\Xilinx\vhdl-klok\mod_time.vhd" Line 58: Assignment to ctens ignored, since the identifier is never used

Elaborating entity <counter> (architecture <Behavioral>) with generics from library <work>.

Elaborating entity <counter> (architecture <Behavioral>) with generics from library <work>.
--> 

Total memory usage is 207128 kilobytes

Number of errors   :    1 (   0 filtered)
Number of warnings :    4 (   0 filtered)
Number of infos    :    0 (   0 filtered)

